
> track-taps-new@1.0.0 build
> vite build

[36mvite v5.4.21 [32mbuilding for production...[36m[39m
transforming...
[32mΓ£ô[39m 456 modules transformed.
rendering chunks...
computing gzip size...
[2mdist/[22m[32massets/manifest-DyNf5hNU.json  [39m[1m[2m    1.55 kB[22m[1m[22m[2m Γöé gzip:   0.47 kB[22m
[2mdist/[22m[32mindex.html                     [39m[1m[2m    2.59 kB[22m[1m[22m[2m Γöé gzip:   0.87 kB[22m
[2mdist/[22m[32massets/icon-B5Otw8hD.png       [39m[1m[2m1,047.90 kB[22m[1m[22m
[2mdist/[22m[35massets/index-DQx2f2j1.css      [39m[1m[2m   57.90 kB[22m[1m[22m[2m Γöé gzip:  11.48 kB[22m
[2mdist/[22m[36massets/index-BRA94g4s.js       [39m[1m[2m  413.87 kB[22m[1m[22m[2m Γöé gzip: 121.49 kB[22m
[32mΓ£ô built in 2.98s[39m
